((CODE.QUOTE ()) CODE.ATOM BOOLEAN.NOT)
(
	()
	(((CODE.QUOTE ()) CODE.ATOM BOOLEAN.NOT) )
	(FALSE )
	()
	(((CODE.INSTRUCTIONS) CODE.QUOTE CODE.DO CODE.SWAP CODE.MEMBER)
(
	()
	(((CODE.INSTRUCTIONS) CODE.QUOTE CODE.DO CODE.SWAP CODE.MEMBER) )
	(FALSE )
	()
	(((CODE.QUOTE () 2 CODE.NTH) CODE.QUOTE CODE.=)
(
	()
	(((CODE.QUOTE () 2 CODE.NTH) CODE.QUOTE CODE.=) () CODE.= )
	()
	()
	(